2024-12-31 20:29:39,946 - Train Epoch: 1 [14848/50000 (30%)] Loss: 1.632693, Activation: ELU
2024-12-31 20:29:46,335 - Train Epoch: 1 [30208/50000 (60%)] Loss: 1.440187, Activation: ELU
2024-12-31 20:29:52,792 - Train Epoch: 1 [45568/50000 (91%)] Loss: 1.399192, Activation: ELU
2024-12-31 20:29:56,447 - 
Test set: Average loss: 1.2477, Accuracy: 5584/10000 (56%), Activation: ELU

2024-12-31 20:30:02,868 - Train Epoch: 2 [14848/50000 (30%)] Loss: 1.324531, Activation: ELU
2024-12-31 20:30:09,186 - Train Epoch: 2 [30208/50000 (60%)] Loss: 1.207238, Activation: ELU
2024-12-31 20:30:15,486 - Train Epoch: 2 [45568/50000 (91%)] Loss: 1.257927, Activation: ELU
2024-12-31 20:30:19,130 - 
Test set: Average loss: 1.0706, Accuracy: 6216/10000 (62%), Activation: ELU

2024-12-31 20:30:25,456 - Train Epoch: 3 [14848/50000 (30%)] Loss: 1.185276, Activation: ELU
2024-12-31 20:30:31,780 - Train Epoch: 3 [30208/50000 (60%)] Loss: 1.081696, Activation: ELU
2024-12-31 20:30:38,223 - Train Epoch: 3 [45568/50000 (91%)] Loss: 1.071134, Activation: ELU
2024-12-31 20:30:41,862 - 
Test set: Average loss: 0.9598, Accuracy: 6617/10000 (66%), Activation: ELU

2024-12-31 20:30:48,187 - Train Epoch: 4 [14848/50000 (30%)] Loss: 1.060512, Activation: ELU
2024-12-31 20:30:54,499 - Train Epoch: 4 [30208/50000 (60%)] Loss: 0.980080, Activation: ELU
2024-12-31 20:31:00,801 - Train Epoch: 4 [45568/50000 (91%)] Loss: 0.920832, Activation: ELU
2024-12-31 20:31:04,460 - 
Test set: Average loss: 0.9156, Accuracy: 6822/10000 (68%), Activation: ELU

2024-12-31 20:31:10,743 - Train Epoch: 5 [14848/50000 (30%)] Loss: 0.976085, Activation: ELU
2024-12-31 20:31:17,128 - Train Epoch: 5 [30208/50000 (60%)] Loss: 0.947448, Activation: ELU
2024-12-31 20:31:23,443 - Train Epoch: 5 [45568/50000 (91%)] Loss: 0.879600, Activation: ELU
2024-12-31 20:31:27,072 - 
Test set: Average loss: 0.8737, Accuracy: 6987/10000 (70%), Activation: ELU

2024-12-31 20:31:33,376 - Train Epoch: 6 [14848/50000 (30%)] Loss: 0.826295, Activation: ELU
2024-12-31 20:31:39,662 - Train Epoch: 6 [30208/50000 (60%)] Loss: 0.873901, Activation: ELU
2024-12-31 20:31:45,951 - Train Epoch: 6 [45568/50000 (91%)] Loss: 0.852458, Activation: ELU
2024-12-31 20:31:49,596 - 
Test set: Average loss: 0.8364, Accuracy: 7054/10000 (71%), Activation: ELU

2024-12-31 20:31:55,885 - Train Epoch: 7 [14848/50000 (30%)] Loss: 0.845049, Activation: ELU
2024-12-31 20:32:02,312 - Train Epoch: 7 [30208/50000 (60%)] Loss: 0.764776, Activation: ELU
2024-12-31 20:32:08,803 - Train Epoch: 7 [45568/50000 (91%)] Loss: 0.940150, Activation: ELU
2024-12-31 20:32:12,462 - 
Test set: Average loss: 0.7918, Accuracy: 7231/10000 (72%), Activation: ELU

2024-12-31 20:32:18,780 - Train Epoch: 8 [14848/50000 (30%)] Loss: 0.851176, Activation: ELU
2024-12-31 20:32:25,096 - Train Epoch: 8 [30208/50000 (60%)] Loss: 0.902196, Activation: ELU
2024-12-31 20:32:31,402 - Train Epoch: 8 [45568/50000 (91%)] Loss: 0.864988, Activation: ELU
2024-12-31 20:32:35,038 - 
Test set: Average loss: 0.7970, Accuracy: 7261/10000 (73%), Activation: ELU

2024-12-31 20:32:41,856 - Train Epoch: 9 [14848/50000 (30%)] Loss: 0.855830, Activation: ELU
2024-12-31 20:32:48,144 - Train Epoch: 9 [30208/50000 (60%)] Loss: 0.792845, Activation: ELU
2024-12-31 20:32:54,584 - Train Epoch: 9 [45568/50000 (91%)] Loss: 0.799632, Activation: ELU
2024-12-31 20:32:58,219 - 
Test set: Average loss: 0.7597, Accuracy: 7413/10000 (74%), Activation: ELU

2024-12-31 20:33:04,601 - Train Epoch: 10 [14848/50000 (30%)] Loss: 0.880086, Activation: ELU
2024-12-31 20:33:10,919 - Train Epoch: 10 [30208/50000 (60%)] Loss: 0.843446, Activation: ELU
2024-12-31 20:33:17,225 - Train Epoch: 10 [45568/50000 (91%)] Loss: 0.784267, Activation: ELU
2024-12-31 20:33:20,915 - 
Test set: Average loss: 0.7259, Accuracy: 7542/10000 (75%), Activation: ELU

2024-12-31 20:33:27,293 - Train Epoch: 11 [14848/50000 (30%)] Loss: 0.708415, Activation: ELU
2024-12-31 20:33:33,620 - Train Epoch: 11 [30208/50000 (60%)] Loss: 0.740070, Activation: ELU
2024-12-31 20:33:40,031 - Train Epoch: 11 [45568/50000 (91%)] Loss: 0.779501, Activation: ELU
2024-12-31 20:33:43,690 - 
Test set: Average loss: 0.7441, Accuracy: 7491/10000 (75%), Activation: ELU

2024-12-31 20:33:50,037 - Train Epoch: 12 [14848/50000 (30%)] Loss: 0.664594, Activation: ELU
2024-12-31 20:33:56,476 - Train Epoch: 12 [30208/50000 (60%)] Loss: 0.703884, Activation: ELU
2024-12-31 20:34:02,818 - Train Epoch: 12 [45568/50000 (91%)] Loss: 0.717632, Activation: ELU
2024-12-31 20:34:06,470 - 
Test set: Average loss: 0.6936, Accuracy: 7653/10000 (77%), Activation: ELU

2024-12-31 20:34:12,823 - Train Epoch: 13 [14848/50000 (30%)] Loss: 0.722188, Activation: ELU
2024-12-31 20:34:19,155 - Train Epoch: 13 [30208/50000 (60%)] Loss: 0.706935, Activation: ELU
2024-12-31 20:34:25,480 - Train Epoch: 13 [45568/50000 (91%)] Loss: 0.621308, Activation: ELU
2024-12-31 20:34:29,110 - 
Test set: Average loss: 0.6837, Accuracy: 7665/10000 (77%), Activation: ELU

2024-12-31 20:34:35,454 - Train Epoch: 14 [14848/50000 (30%)] Loss: 0.706687, Activation: ELU
2024-12-31 20:34:41,769 - Train Epoch: 14 [30208/50000 (60%)] Loss: 0.587939, Activation: ELU
2024-12-31 20:34:48,104 - Train Epoch: 14 [45568/50000 (91%)] Loss: 0.717091, Activation: ELU
2024-12-31 20:34:51,767 - 
Test set: Average loss: 0.6881, Accuracy: 7668/10000 (77%), Activation: ELU

2024-12-31 20:34:58,258 - Train Epoch: 15 [14848/50000 (30%)] Loss: 0.666104, Activation: ELU
2024-12-31 20:35:04,577 - Train Epoch: 15 [30208/50000 (60%)] Loss: 0.614262, Activation: ELU
2024-12-31 20:35:10,896 - Train Epoch: 15 [45568/50000 (91%)] Loss: 0.702993, Activation: ELU
2024-12-31 20:35:14,677 - 
Test set: Average loss: 0.6687, Accuracy: 7718/10000 (77%), Activation: ELU

2024-12-31 20:35:21,200 - Train Epoch: 16 [14848/50000 (30%)] Loss: 0.645827, Activation: ELU
2024-12-31 20:35:27,517 - Train Epoch: 16 [30208/50000 (60%)] Loss: 0.607495, Activation: ELU
2024-12-31 20:35:33,859 - Train Epoch: 16 [45568/50000 (91%)] Loss: 0.704586, Activation: ELU
2024-12-31 20:35:37,490 - 
Test set: Average loss: 0.6700, Accuracy: 7760/10000 (78%), Activation: ELU

2024-12-31 20:35:43,826 - Train Epoch: 17 [14848/50000 (30%)] Loss: 0.629632, Activation: ELU
2024-12-31 20:35:50,167 - Train Epoch: 17 [30208/50000 (60%)] Loss: 0.606021, Activation: ELU
2024-12-31 20:35:56,538 - Train Epoch: 17 [45568/50000 (91%)] Loss: 0.598961, Activation: ELU
2024-12-31 20:36:00,183 - 
Test set: Average loss: 0.6581, Accuracy: 7778/10000 (78%), Activation: ELU

2024-12-31 20:36:06,694 - Train Epoch: 18 [14848/50000 (30%)] Loss: 0.628253, Activation: ELU
2024-12-31 20:36:13,001 - Train Epoch: 18 [30208/50000 (60%)] Loss: 0.672963, Activation: ELU
2024-12-31 20:36:19,334 - Train Epoch: 18 [45568/50000 (91%)] Loss: 0.645561, Activation: ELU
2024-12-31 20:36:23,057 - 
Test set: Average loss: 0.6380, Accuracy: 7861/10000 (79%), Activation: ELU

2024-12-31 20:36:29,705 - Train Epoch: 19 [14848/50000 (30%)] Loss: 0.592098, Activation: ELU
2024-12-31 20:36:36,016 - Train Epoch: 19 [30208/50000 (60%)] Loss: 0.590132, Activation: ELU
2024-12-31 20:36:42,327 - Train Epoch: 19 [45568/50000 (91%)] Loss: 0.677960, Activation: ELU
2024-12-31 20:36:45,979 - 
Test set: Average loss: 0.6530, Accuracy: 7788/10000 (78%), Activation: ELU

2024-12-31 20:36:52,312 - Train Epoch: 20 [14848/50000 (30%)] Loss: 0.575552, Activation: ELU
2024-12-31 20:36:58,682 - Train Epoch: 20 [30208/50000 (60%)] Loss: 0.595376, Activation: ELU
2024-12-31 20:37:04,970 - Train Epoch: 20 [45568/50000 (91%)] Loss: 0.573876, Activation: ELU
2024-12-31 20:37:08,624 - 
Test set: Average loss: 0.6425, Accuracy: 7838/10000 (78%), Activation: ELU

2024-12-31 20:37:15,072 - Train Epoch: 21 [14848/50000 (30%)] Loss: 0.663946, Activation: ELU
2024-12-31 20:37:21,495 - Train Epoch: 21 [30208/50000 (60%)] Loss: 0.617300, Activation: ELU
2024-12-31 20:37:27,797 - Train Epoch: 21 [45568/50000 (91%)] Loss: 0.550018, Activation: ELU
2024-12-31 20:37:31,450 - 
Test set: Average loss: 0.6254, Accuracy: 7913/10000 (79%), Activation: ELU

2024-12-31 20:37:37,776 - Train Epoch: 22 [14848/50000 (30%)] Loss: 0.557400, Activation: ELU
2024-12-31 20:37:44,120 - Train Epoch: 22 [30208/50000 (60%)] Loss: 0.546653, Activation: ELU
2024-12-31 20:37:50,582 - Train Epoch: 22 [45568/50000 (91%)] Loss: 0.637909, Activation: ELU
2024-12-31 20:37:54,294 - 
Test set: Average loss: 0.6320, Accuracy: 7902/10000 (79%), Activation: ELU

2024-12-31 20:38:00,610 - Train Epoch: 23 [14848/50000 (30%)] Loss: 0.530643, Activation: ELU
2024-12-31 20:38:07,032 - Train Epoch: 23 [30208/50000 (60%)] Loss: 0.463830, Activation: ELU
2024-12-31 20:38:13,371 - Train Epoch: 23 [45568/50000 (91%)] Loss: 0.564878, Activation: ELU
2024-12-31 20:38:17,012 - 
Test set: Average loss: 0.6188, Accuracy: 7944/10000 (79%), Activation: ELU

2024-12-31 20:38:23,342 - Train Epoch: 24 [14848/50000 (30%)] Loss: 0.489576, Activation: ELU
2024-12-31 20:38:29,626 - Train Epoch: 24 [30208/50000 (60%)] Loss: 0.621899, Activation: ELU
2024-12-31 20:38:35,943 - Train Epoch: 24 [45568/50000 (91%)] Loss: 0.559565, Activation: ELU
2024-12-31 20:38:39,580 - 
Test set: Average loss: 0.6312, Accuracy: 7923/10000 (79%), Activation: ELU

2024-12-31 20:38:45,946 - Train Epoch: 25 [14848/50000 (30%)] Loss: 0.554880, Activation: ELU
2024-12-31 20:38:52,290 - Train Epoch: 25 [30208/50000 (60%)] Loss: 0.552954, Activation: ELU
2024-12-31 20:38:58,623 - Train Epoch: 25 [45568/50000 (91%)] Loss: 0.569477, Activation: ELU
2024-12-31 20:39:02,279 - 
Test set: Average loss: 0.6188, Accuracy: 7996/10000 (80%), Activation: ELU

2024-12-31 20:39:08,584 - Train Epoch: 26 [14848/50000 (30%)] Loss: 0.571641, Activation: ELU
2024-12-31 20:39:14,975 - Train Epoch: 26 [30208/50000 (60%)] Loss: 0.497752, Activation: ELU
2024-12-31 20:39:21,517 - Train Epoch: 26 [45568/50000 (91%)] Loss: 0.481175, Activation: ELU
2024-12-31 20:39:25,153 - 
Test set: Average loss: 0.6094, Accuracy: 8005/10000 (80%), Activation: ELU

2024-12-31 20:39:31,482 - Train Epoch: 27 [14848/50000 (30%)] Loss: 0.532007, Activation: ELU
2024-12-31 20:39:37,938 - Train Epoch: 27 [30208/50000 (60%)] Loss: 0.475371, Activation: ELU
2024-12-31 20:39:44,656 - Train Epoch: 27 [45568/50000 (91%)] Loss: 0.549002, Activation: ELU
2024-12-31 20:39:48,318 - 
Test set: Average loss: 0.6147, Accuracy: 7988/10000 (80%), Activation: ELU

2024-12-31 20:39:54,862 - Train Epoch: 28 [14848/50000 (30%)] Loss: 0.441068, Activation: ELU
2024-12-31 20:40:01,181 - Train Epoch: 28 [30208/50000 (60%)] Loss: 0.547130, Activation: ELU
2024-12-31 20:40:07,584 - Train Epoch: 28 [45568/50000 (91%)] Loss: 0.501028, Activation: ELU
2024-12-31 20:40:11,278 - 
Test set: Average loss: 0.6103, Accuracy: 8018/10000 (80%), Activation: ELU

2024-12-31 20:40:17,670 - Train Epoch: 29 [14848/50000 (30%)] Loss: 0.524699, Activation: ELU
2024-12-31 20:40:24,025 - Train Epoch: 29 [30208/50000 (60%)] Loss: 0.561816, Activation: ELU
2024-12-31 20:40:30,377 - Train Epoch: 29 [45568/50000 (91%)] Loss: 0.518220, Activation: ELU
2024-12-31 20:40:34,049 - 
Test set: Average loss: 0.6174, Accuracy: 7968/10000 (80%), Activation: ELU

2024-12-31 20:40:40,569 - Train Epoch: 30 [14848/50000 (30%)] Loss: 0.499278, Activation: ELU
2024-12-31 20:40:46,931 - Train Epoch: 30 [30208/50000 (60%)] Loss: 0.544335, Activation: ELU
2024-12-31 20:41:17,477 - Train Epoch: 1 [14848/50000 (30%)] Loss: 1.663705, Activation: ELU
2024-12-31 20:41:23,867 - Train Epoch: 1 [30208/50000 (60%)] Loss: 1.541147, Activation: ELU
2024-12-31 20:41:30,249 - Train Epoch: 1 [45568/50000 (91%)] Loss: 1.385901, Activation: ELU
2024-12-31 20:41:34,015 - 
Test set: Average loss: 1.3035, Accuracy: 5423/10000 (54%), Activation: ELU

2024-12-31 20:41:40,372 - Train Epoch: 2 [14848/50000 (30%)] Loss: 1.256947, Activation: ELU
2024-12-31 20:41:46,728 - Train Epoch: 2 [30208/50000 (60%)] Loss: 1.294275, Activation: ELU
2024-12-31 20:41:53,121 - Train Epoch: 2 [45568/50000 (91%)] Loss: 1.238716, Activation: ELU
2024-12-31 20:41:56,800 - 
Test set: Average loss: 1.0854, Accuracy: 6146/10000 (61%), Activation: ELU

2024-12-31 20:42:03,173 - Train Epoch: 3 [14848/50000 (30%)] Loss: 1.173961, Activation: ELU
2024-12-31 20:42:09,749 - Train Epoch: 3 [30208/50000 (60%)] Loss: 1.090582, Activation: ELU
2024-12-31 20:42:16,244 - Train Epoch: 3 [45568/50000 (91%)] Loss: 1.142542, Activation: ELU
2024-12-31 20:42:19,910 - 
Test set: Average loss: 0.9602, Accuracy: 6648/10000 (66%), Activation: ELU

2024-12-31 20:42:26,434 - Train Epoch: 4 [14848/50000 (30%)] Loss: 1.018756, Activation: ELU
2024-12-31 20:42:32,805 - Train Epoch: 4 [30208/50000 (60%)] Loss: 1.055470, Activation: ELU
2024-12-31 20:42:39,100 - Train Epoch: 4 [45568/50000 (91%)] Loss: 1.092598, Activation: ELU
2024-12-31 20:42:42,793 - 
Test set: Average loss: 0.8977, Accuracy: 6896/10000 (69%), Activation: ELU

2024-12-31 20:42:49,199 - Train Epoch: 5 [14848/50000 (30%)] Loss: 0.922338, Activation: ELU
2024-12-31 20:42:55,777 - Train Epoch: 5 [30208/50000 (60%)] Loss: 0.975581, Activation: ELU
2024-12-31 20:43:02,145 - Train Epoch: 5 [45568/50000 (91%)] Loss: 0.826412, Activation: ELU
2024-12-31 20:43:05,840 - 
Test set: Average loss: 0.8726, Accuracy: 7021/10000 (70%), Activation: ELU

2024-12-31 20:43:12,267 - Train Epoch: 6 [14848/50000 (30%)] Loss: 0.963632, Activation: ELU
2024-12-31 20:43:18,644 - Train Epoch: 6 [30208/50000 (60%)] Loss: 0.884645, Activation: ELU
2024-12-31 20:43:24,990 - Train Epoch: 6 [45568/50000 (91%)] Loss: 0.910644, Activation: ELU
2024-12-31 20:43:28,714 - 
Test set: Average loss: 0.8344, Accuracy: 7163/10000 (72%), Activation: ELU

2024-12-31 20:43:46,769 - Train Epoch: 1 [14848/50000 (30%)] Loss: 1.536735, Activation: ELU
2024-12-31 20:43:53,225 - Train Epoch: 1 [30208/50000 (60%)] Loss: 1.405989, Activation: ELU
2024-12-31 20:43:59,575 - Train Epoch: 1 [45568/50000 (91%)] Loss: 1.354952, Activation: ELU
2024-12-31 20:44:03,299 - 
Test set: Average loss: 1.1928, Accuracy: 5735/10000 (57%), Activation: ELU

2024-12-31 20:44:09,640 - Train Epoch: 2 [14848/50000 (30%)] Loss: 1.261858, Activation: ELU
2024-12-31 20:44:16,212 - Train Epoch: 2 [30208/50000 (60%)] Loss: 1.283596, Activation: ELU
2024-12-31 20:44:22,653 - Train Epoch: 2 [45568/50000 (91%)] Loss: 1.217853, Activation: ELU
2024-12-31 20:44:26,327 - 
Test set: Average loss: 1.0482, Accuracy: 6270/10000 (63%), Activation: ELU

2024-12-31 20:44:32,793 - Train Epoch: 3 [14848/50000 (30%)] Loss: 1.038790, Activation: ELU
2024-12-31 20:44:39,136 - Train Epoch: 3 [30208/50000 (60%)] Loss: 1.099388, Activation: ELU
2024-12-31 20:44:45,467 - Train Epoch: 3 [45568/50000 (91%)] Loss: 1.090920, Activation: ELU
2024-12-31 20:44:49,141 - 
Test set: Average loss: 0.9285, Accuracy: 6748/10000 (67%), Activation: ELU

2024-12-31 20:44:55,610 - Train Epoch: 4 [14848/50000 (30%)] Loss: 0.900958, Activation: ELU
2024-12-31 20:45:01,967 - Train Epoch: 4 [30208/50000 (60%)] Loss: 1.082082, Activation: ELU
2024-12-31 20:45:08,343 - Train Epoch: 4 [45568/50000 (91%)] Loss: 0.943743, Activation: ELU
2024-12-31 20:45:12,027 - 
Test set: Average loss: 0.8803, Accuracy: 6966/10000 (70%), Activation: ELU

2024-12-31 20:45:18,392 - Train Epoch: 5 [14848/50000 (30%)] Loss: 0.995197, Activation: ELU
2024-12-31 20:45:24,741 - Train Epoch: 5 [30208/50000 (60%)] Loss: 0.831958, Activation: ELU
2024-12-31 20:45:31,073 - Train Epoch: 5 [45568/50000 (91%)] Loss: 0.978579, Activation: ELU
2024-12-31 20:45:34,761 - 
Test set: Average loss: 0.8506, Accuracy: 7058/10000 (71%), Activation: ELU

2024-12-31 20:45:41,192 - Train Epoch: 6 [14848/50000 (30%)] Loss: 0.855997, Activation: ELU
2024-12-31 20:45:47,676 - Train Epoch: 6 [30208/50000 (60%)] Loss: 0.841763, Activation: ELU
2024-12-31 20:45:54,026 - Train Epoch: 6 [45568/50000 (91%)] Loss: 0.857003, Activation: ELU
2024-12-31 20:45:57,698 - 
Test set: Average loss: 0.8133, Accuracy: 7265/10000 (73%), Activation: ELU

2024-12-31 20:46:04,216 - Train Epoch: 7 [14848/50000 (30%)] Loss: 0.872387, Activation: ELU
2024-12-31 20:46:10,553 - Train Epoch: 7 [30208/50000 (60%)] Loss: 0.893523, Activation: ELU
2024-12-31 20:46:16,990 - Train Epoch: 7 [45568/50000 (91%)] Loss: 0.825570, Activation: ELU
2024-12-31 20:46:20,679 - 
Test set: Average loss: 0.7977, Accuracy: 7265/10000 (73%), Activation: ELU

2024-12-31 20:46:27,130 - Train Epoch: 8 [14848/50000 (30%)] Loss: 0.797450, Activation: ELU
2024-12-31 20:46:33,582 - Train Epoch: 8 [30208/50000 (60%)] Loss: 0.893225, Activation: ELU
2024-12-31 20:46:39,958 - Train Epoch: 8 [45568/50000 (91%)] Loss: 0.813708, Activation: ELU
2024-12-31 20:46:43,637 - 
Test set: Average loss: 0.7692, Accuracy: 7381/10000 (74%), Activation: ELU

2024-12-31 20:46:49,973 - Train Epoch: 9 [14848/50000 (30%)] Loss: 0.848094, Activation: ELU
2024-12-31 20:46:56,298 - Train Epoch: 9 [30208/50000 (60%)] Loss: 0.845303, Activation: ELU
2024-12-31 20:47:02,638 - Train Epoch: 9 [45568/50000 (91%)] Loss: 0.857365, Activation: ELU
2024-12-31 20:47:06,303 - 
Test set: Average loss: 0.7935, Accuracy: 7381/10000 (74%), Activation: ELU

2024-12-31 20:47:12,659 - Train Epoch: 10 [14848/50000 (30%)] Loss: 0.732539, Activation: ELU
2024-12-31 20:47:19,306 - Train Epoch: 10 [30208/50000 (60%)] Loss: 0.764793, Activation: ELU
2024-12-31 20:47:25,650 - Train Epoch: 10 [45568/50000 (91%)] Loss: 0.742649, Activation: ELU
2024-12-31 20:47:29,324 - 
Test set: Average loss: 0.7318, Accuracy: 7495/10000 (75%), Activation: ELU

2024-12-31 20:47:35,673 - Train Epoch: 11 [14848/50000 (30%)] Loss: 0.710548, Activation: ELU
2024-12-31 20:47:42,039 - Train Epoch: 11 [30208/50000 (60%)] Loss: 0.684466, Activation: ELU
2024-12-31 20:47:48,381 - Train Epoch: 11 [45568/50000 (91%)] Loss: 0.731246, Activation: ELU
2024-12-31 20:47:52,073 - 
Test set: Average loss: 0.7221, Accuracy: 7587/10000 (76%), Activation: ELU

2024-12-31 20:47:58,494 - Train Epoch: 12 [14848/50000 (30%)] Loss: 0.746682, Activation: ELU
2024-12-31 20:48:04,821 - Train Epoch: 12 [30208/50000 (60%)] Loss: 0.685391, Activation: ELU
2024-12-31 20:48:11,178 - Train Epoch: 12 [45568/50000 (91%)] Loss: 0.798412, Activation: ELU
2024-12-31 20:48:14,831 - 
Test set: Average loss: 0.7094, Accuracy: 7613/10000 (76%), Activation: ELU

2024-12-31 20:48:21,175 - Train Epoch: 13 [14848/50000 (30%)] Loss: 0.636440, Activation: ELU
2024-12-31 20:48:27,578 - Train Epoch: 13 [30208/50000 (60%)] Loss: 0.621836, Activation: ELU
2024-12-31 20:48:34,374 - Train Epoch: 13 [45568/50000 (91%)] Loss: 0.665474, Activation: ELU
2024-12-31 20:48:38,051 - 
Test set: Average loss: 0.7158, Accuracy: 7628/10000 (76%), Activation: ELU

2024-12-31 20:48:44,382 - Train Epoch: 14 [14848/50000 (30%)] Loss: 0.676872, Activation: ELU
2024-12-31 20:48:50,701 - Train Epoch: 14 [30208/50000 (60%)] Loss: 0.716304, Activation: ELU
2024-12-31 20:48:57,033 - Train Epoch: 14 [45568/50000 (91%)] Loss: 0.723313, Activation: ELU
2024-12-31 20:49:00,724 - 
Test set: Average loss: 0.6991, Accuracy: 7696/10000 (77%), Activation: ELU

2024-12-31 20:49:07,156 - Train Epoch: 15 [14848/50000 (30%)] Loss: 0.537434, Activation: ELU
2024-12-31 20:49:13,516 - Train Epoch: 15 [30208/50000 (60%)] Loss: 0.665932, Activation: ELU
2024-12-31 20:49:19,876 - Train Epoch: 15 [45568/50000 (91%)] Loss: 0.671586, Activation: ELU
2024-12-31 20:49:23,551 - 
Test set: Average loss: 0.6890, Accuracy: 7730/10000 (77%), Activation: ELU

2024-12-31 20:49:29,887 - Train Epoch: 16 [14848/50000 (30%)] Loss: 0.596348, Activation: ELU
2024-12-31 20:49:36,230 - Train Epoch: 16 [30208/50000 (60%)] Loss: 0.690632, Activation: ELU
2024-12-31 20:49:42,536 - Train Epoch: 16 [45568/50000 (91%)] Loss: 0.620116, Activation: ELU
2024-12-31 20:49:46,224 - 
Test set: Average loss: 0.6838, Accuracy: 7732/10000 (77%), Activation: ELU

2024-12-31 20:49:52,671 - Train Epoch: 17 [14848/50000 (30%)] Loss: 0.661648, Activation: ELU
2024-12-31 20:49:59,132 - Train Epoch: 17 [30208/50000 (60%)] Loss: 0.726015, Activation: ELU
2024-12-31 20:50:05,505 - Train Epoch: 17 [45568/50000 (91%)] Loss: 0.607410, Activation: ELU
2024-12-31 20:50:09,191 - 
Test set: Average loss: 0.6876, Accuracy: 7764/10000 (78%), Activation: ELU

2024-12-31 20:50:15,541 - Train Epoch: 18 [14848/50000 (30%)] Loss: 0.635672, Activation: ELU
2024-12-31 20:50:21,881 - Train Epoch: 18 [30208/50000 (60%)] Loss: 0.607566, Activation: ELU
2024-12-31 20:50:28,193 - Train Epoch: 18 [45568/50000 (91%)] Loss: 0.608483, Activation: ELU
2024-12-31 20:50:31,872 - 
Test set: Average loss: 0.6665, Accuracy: 7802/10000 (78%), Activation: ELU

2024-12-31 20:50:38,190 - Train Epoch: 19 [14848/50000 (30%)] Loss: 0.658965, Activation: ELU
2024-12-31 20:50:44,620 - Train Epoch: 19 [30208/50000 (60%)] Loss: 0.626223, Activation: ELU
2024-12-31 20:50:50,961 - Train Epoch: 19 [45568/50000 (91%)] Loss: 0.643850, Activation: ELU
2024-12-31 20:50:54,723 - 
Test set: Average loss: 0.6546, Accuracy: 7757/10000 (78%), Activation: ELU

2024-12-31 20:51:01,157 - Train Epoch: 20 [14848/50000 (30%)] Loss: 0.645560, Activation: ELU
2024-12-31 20:51:07,472 - Train Epoch: 20 [30208/50000 (60%)] Loss: 0.560694, Activation: ELU
2024-12-31 20:51:13,800 - Train Epoch: 20 [45568/50000 (91%)] Loss: 0.664293, Activation: ELU
2024-12-31 20:51:17,474 - 
Test set: Average loss: 0.6382, Accuracy: 7836/10000 (78%), Activation: ELU

2024-12-31 20:51:23,775 - Train Epoch: 21 [14848/50000 (30%)] Loss: 0.574881, Activation: ELU
2024-12-31 20:51:30,095 - Train Epoch: 21 [30208/50000 (60%)] Loss: 0.622935, Activation: ELU
2024-12-31 20:51:36,449 - Train Epoch: 21 [45568/50000 (91%)] Loss: 0.585229, Activation: ELU
2024-12-31 20:51:40,138 - 
Test set: Average loss: 0.6452, Accuracy: 7842/10000 (78%), Activation: ELU

2024-12-31 20:51:46,477 - Train Epoch: 22 [14848/50000 (30%)] Loss: 0.529748, Activation: ELU
2024-12-31 20:51:52,853 - Train Epoch: 22 [30208/50000 (60%)] Loss: 0.549162, Activation: ELU
2024-12-31 20:51:59,608 - Train Epoch: 22 [45568/50000 (91%)] Loss: 0.615475, Activation: ELU
2024-12-31 20:52:03,305 - 
Test set: Average loss: 0.6451, Accuracy: 7837/10000 (78%), Activation: ELU

2024-12-31 20:52:09,630 - Train Epoch: 23 [14848/50000 (30%)] Loss: 0.564204, Activation: ELU
2024-12-31 20:52:15,979 - Train Epoch: 23 [30208/50000 (60%)] Loss: 0.572667, Activation: ELU
2024-12-31 20:52:22,328 - Train Epoch: 23 [45568/50000 (91%)] Loss: 0.583793, Activation: ELU
2024-12-31 20:52:26,023 - 
Test set: Average loss: 0.6451, Accuracy: 7926/10000 (79%), Activation: ELU

2024-12-31 20:52:32,368 - Train Epoch: 24 [14848/50000 (30%)] Loss: 0.560390, Activation: ELU
2024-12-31 20:52:38,704 - Train Epoch: 24 [30208/50000 (60%)] Loss: 0.539289, Activation: ELU
2024-12-31 20:52:45,128 - Train Epoch: 24 [45568/50000 (91%)] Loss: 0.613000, Activation: ELU
2024-12-31 20:52:48,791 - 
Test set: Average loss: 0.6461, Accuracy: 7897/10000 (79%), Activation: ELU

2024-12-31 20:52:55,129 - Train Epoch: 25 [14848/50000 (30%)] Loss: 0.563686, Activation: ELU
2024-12-31 20:53:01,493 - Train Epoch: 25 [30208/50000 (60%)] Loss: 0.646612, Activation: ELU
2024-12-31 20:53:07,912 - Train Epoch: 25 [45568/50000 (91%)] Loss: 0.619900, Activation: ELU
2024-12-31 20:53:11,583 - 
Test set: Average loss: 0.6557, Accuracy: 7876/10000 (79%), Activation: ELU

2024-12-31 20:53:18,022 - Train Epoch: 26 [14848/50000 (30%)] Loss: 0.580280, Activation: ELU
2024-12-31 20:53:24,357 - Train Epoch: 26 [30208/50000 (60%)] Loss: 0.619764, Activation: ELU
2024-12-31 20:53:30,787 - Train Epoch: 26 [45568/50000 (91%)] Loss: 0.535721, Activation: ELU
2024-12-31 20:53:34,473 - 
Test set: Average loss: 0.6389, Accuracy: 7927/10000 (79%), Activation: ELU

2024-12-31 20:53:40,801 - Train Epoch: 27 [14848/50000 (30%)] Loss: 0.636164, Activation: ELU
2024-12-31 20:53:47,194 - Train Epoch: 27 [30208/50000 (60%)] Loss: 0.564905, Activation: ELU
2024-12-31 20:53:53,749 - Train Epoch: 27 [45568/50000 (91%)] Loss: 0.496281, Activation: ELU
2024-12-31 20:53:57,446 - 
Test set: Average loss: 0.6512, Accuracy: 7837/10000 (78%), Activation: ELU

2024-12-31 20:54:03,787 - Train Epoch: 28 [14848/50000 (30%)] Loss: 0.537942, Activation: ELU
2024-12-31 20:54:10,348 - Train Epoch: 28 [30208/50000 (60%)] Loss: 0.516051, Activation: ELU
2024-12-31 20:54:16,711 - Train Epoch: 28 [45568/50000 (91%)] Loss: 0.521271, Activation: ELU
2024-12-31 20:54:20,383 - 
Test set: Average loss: 0.6328, Accuracy: 7945/10000 (79%), Activation: ELU

2024-12-31 20:54:27,230 - Train Epoch: 29 [14848/50000 (30%)] Loss: 0.473028, Activation: ELU
2024-12-31 20:54:33,604 - Train Epoch: 29 [30208/50000 (60%)] Loss: 0.578899, Activation: ELU
2024-12-31 20:54:39,910 - Train Epoch: 29 [45568/50000 (91%)] Loss: 0.519681, Activation: ELU
2024-12-31 20:54:43,894 - 
Test set: Average loss: 0.6182, Accuracy: 8050/10000 (80%), Activation: ELU

2024-12-31 20:54:50,645 - Train Epoch: 30 [14848/50000 (30%)] Loss: 0.559948, Activation: ELU
2024-12-31 20:54:57,071 - Train Epoch: 30 [30208/50000 (60%)] Loss: 0.505174, Activation: ELU
2024-12-31 20:55:03,385 - Train Epoch: 30 [45568/50000 (91%)] Loss: 0.553319, Activation: ELU
2024-12-31 20:55:07,126 - 
Test set: Average loss: 0.5975, Accuracy: 8056/10000 (81%), Activation: ELU

2024-12-31 21:19:27,324 - Train Epoch: 1 [14848/50000 (30%)] Loss: 1.640876, Activation: ELU
2024-12-31 21:19:33,790 - Train Epoch: 1 [30208/50000 (60%)] Loss: 1.433470, Activation: ELU
2024-12-31 21:19:40,309 - Train Epoch: 1 [45568/50000 (91%)] Loss: 1.341644, Activation: ELU
2024-12-31 21:19:44,057 - 
Test set: Average loss: 1.2518, Accuracy: 5554/10000 (56%), Activation: ELU

2024-12-31 21:19:50,472 - Train Epoch: 2 [14848/50000 (30%)] Loss: 1.300086, Activation: ELU
2024-12-31 21:19:56,907 - Train Epoch: 2 [30208/50000 (60%)] Loss: 1.276479, Activation: ELU
2024-12-31 21:20:03,327 - Train Epoch: 2 [45568/50000 (91%)] Loss: 1.252046, Activation: ELU
2024-12-31 21:20:07,022 - 
Test set: Average loss: 1.0478, Accuracy: 6307/10000 (63%), Activation: ELU

2024-12-31 21:20:13,415 - Train Epoch: 3 [14848/50000 (30%)] Loss: 1.037703, Activation: ELU
2024-12-31 21:20:19,806 - Train Epoch: 3 [30208/50000 (60%)] Loss: 1.161242, Activation: ELU
2024-12-31 21:20:26,237 - Train Epoch: 3 [45568/50000 (91%)] Loss: 1.072127, Activation: ELU
2024-12-31 21:20:29,941 - 
Test set: Average loss: 1.0168, Accuracy: 6473/10000 (65%), Activation: ELU

2024-12-31 21:20:36,456 - Train Epoch: 4 [14848/50000 (30%)] Loss: 1.036592, Activation: ELU
2024-12-31 21:20:42,876 - Train Epoch: 4 [30208/50000 (60%)] Loss: 0.973598, Activation: ELU
2024-12-31 21:20:49,278 - Train Epoch: 4 [45568/50000 (91%)] Loss: 0.946269, Activation: ELU
2024-12-31 21:20:52,988 - 
Test set: Average loss: 0.9009, Accuracy: 6842/10000 (68%), Activation: ELU

2024-12-31 21:20:59,427 - Train Epoch: 5 [14848/50000 (30%)] Loss: 0.938681, Activation: ELU
2024-12-31 21:21:05,839 - Train Epoch: 5 [30208/50000 (60%)] Loss: 0.905233, Activation: ELU
2024-12-31 21:21:12,256 - Train Epoch: 5 [45568/50000 (91%)] Loss: 0.907468, Activation: ELU
2024-12-31 21:21:15,938 - 
Test set: Average loss: 0.8521, Accuracy: 7082/10000 (71%), Activation: ELU

2024-12-31 21:21:22,328 - Train Epoch: 6 [14848/50000 (30%)] Loss: 0.865499, Activation: ELU
2024-12-31 21:21:28,758 - Train Epoch: 6 [30208/50000 (60%)] Loss: 0.906647, Activation: ELU
2024-12-31 21:21:35,140 - Train Epoch: 6 [45568/50000 (91%)] Loss: 0.822123, Activation: ELU
2024-12-31 21:21:38,821 - 
Test set: Average loss: 0.8264, Accuracy: 7176/10000 (72%), Activation: ELU

2024-12-31 21:21:45,253 - Train Epoch: 7 [14848/50000 (30%)] Loss: 0.878724, Activation: ELU
2024-12-31 21:21:51,659 - Train Epoch: 7 [30208/50000 (60%)] Loss: 0.853458, Activation: ELU
2024-12-31 21:21:58,060 - Train Epoch: 7 [45568/50000 (91%)] Loss: 0.819499, Activation: ELU
2024-12-31 21:22:01,759 - 
Test set: Average loss: 0.7825, Accuracy: 7347/10000 (73%), Activation: ELU

2024-12-31 21:22:08,185 - Train Epoch: 8 [14848/50000 (30%)] Loss: 0.778354, Activation: ELU
2024-12-31 21:22:14,579 - Train Epoch: 8 [30208/50000 (60%)] Loss: 0.765799, Activation: ELU
2024-12-31 21:22:20,990 - Train Epoch: 8 [45568/50000 (91%)] Loss: 0.822410, Activation: ELU
2024-12-31 21:22:24,685 - 
Test set: Average loss: 0.7656, Accuracy: 7407/10000 (74%), Activation: ELU

2024-12-31 21:22:31,192 - Train Epoch: 9 [14848/50000 (30%)] Loss: 0.728153, Activation: ELU
2024-12-31 21:22:37,607 - Train Epoch: 9 [30208/50000 (60%)] Loss: 0.805238, Activation: ELU
2024-12-31 21:22:44,005 - Train Epoch: 9 [45568/50000 (91%)] Loss: 0.804501, Activation: ELU
2024-12-31 21:22:47,691 - 
Test set: Average loss: 0.7739, Accuracy: 7379/10000 (74%), Activation: ELU

2024-12-31 21:22:54,079 - Train Epoch: 10 [14848/50000 (30%)] Loss: 0.733855, Activation: ELU
2024-12-31 21:23:00,494 - Train Epoch: 10 [30208/50000 (60%)] Loss: 0.797106, Activation: ELU
2024-12-31 21:23:06,923 - Train Epoch: 10 [45568/50000 (91%)] Loss: 0.778776, Activation: ELU
2024-12-31 21:23:10,620 - 
Test set: Average loss: 0.7390, Accuracy: 7468/10000 (75%), Activation: ELU

2024-12-31 21:23:17,033 - Train Epoch: 11 [14848/50000 (30%)] Loss: 0.736875, Activation: ELU
2024-12-31 21:23:23,458 - Train Epoch: 11 [30208/50000 (60%)] Loss: 0.813657, Activation: ELU
2024-12-31 21:23:29,846 - Train Epoch: 11 [45568/50000 (91%)] Loss: 0.732285, Activation: ELU
2024-12-31 21:23:33,547 - 
Test set: Average loss: 0.7476, Accuracy: 7447/10000 (74%), Activation: ELU

2024-12-31 21:23:40,023 - Train Epoch: 12 [14848/50000 (30%)] Loss: 0.729851, Activation: ELU
2024-12-31 21:23:46,421 - Train Epoch: 12 [30208/50000 (60%)] Loss: 0.681876, Activation: ELU
2024-12-31 21:23:52,888 - Train Epoch: 12 [45568/50000 (91%)] Loss: 0.749463, Activation: ELU
2024-12-31 21:23:56,579 - 
Test set: Average loss: 0.7288, Accuracy: 7559/10000 (76%), Activation: ELU

2024-12-31 21:24:02,967 - Train Epoch: 13 [14848/50000 (30%)] Loss: 0.663949, Activation: ELU
2024-12-31 21:24:09,470 - Train Epoch: 13 [30208/50000 (60%)] Loss: 0.661568, Activation: ELU
2024-12-31 21:24:15,892 - Train Epoch: 13 [45568/50000 (91%)] Loss: 0.780316, Activation: ELU
2024-12-31 21:24:19,589 - 
Test set: Average loss: 0.7185, Accuracy: 7574/10000 (76%), Activation: ELU

2024-12-31 21:24:25,963 - Train Epoch: 14 [14848/50000 (30%)] Loss: 0.622061, Activation: ELU
2024-12-31 21:24:32,371 - Train Epoch: 14 [30208/50000 (60%)] Loss: 0.586935, Activation: ELU
2024-12-31 21:24:38,796 - Train Epoch: 14 [45568/50000 (91%)] Loss: 0.741306, Activation: ELU
2024-12-31 21:24:42,480 - 
Test set: Average loss: 0.6954, Accuracy: 7640/10000 (76%), Activation: ELU

2024-12-31 21:24:49,189 - Train Epoch: 15 [14848/50000 (30%)] Loss: 0.630253, Activation: ELU
2024-12-31 21:24:55,572 - Train Epoch: 15 [30208/50000 (60%)] Loss: 0.621738, Activation: ELU
2024-12-31 21:25:02,015 - Train Epoch: 15 [45568/50000 (91%)] Loss: 0.700616, Activation: ELU
2024-12-31 21:25:05,706 - 
Test set: Average loss: 0.7060, Accuracy: 7657/10000 (77%), Activation: ELU

2024-12-31 21:25:12,347 - Train Epoch: 16 [14848/50000 (30%)] Loss: 0.624024, Activation: ELU
2024-12-31 21:25:18,752 - Train Epoch: 16 [30208/50000 (60%)] Loss: 0.655720, Activation: ELU
2024-12-31 21:25:25,128 - Train Epoch: 16 [45568/50000 (91%)] Loss: 0.645910, Activation: ELU
2024-12-31 21:25:28,808 - 
Test set: Average loss: 0.6802, Accuracy: 7707/10000 (77%), Activation: ELU

2024-12-31 21:25:35,208 - Train Epoch: 17 [14848/50000 (30%)] Loss: 0.582806, Activation: ELU
2024-12-31 21:25:41,669 - Train Epoch: 17 [30208/50000 (60%)] Loss: 0.650422, Activation: ELU
2024-12-31 21:25:48,063 - Train Epoch: 17 [45568/50000 (91%)] Loss: 0.636533, Activation: ELU
2024-12-31 21:25:51,744 - 
Test set: Average loss: 0.6758, Accuracy: 7710/10000 (77%), Activation: ELU

2024-12-31 21:25:58,148 - Train Epoch: 18 [14848/50000 (30%)] Loss: 0.563856, Activation: ELU
2024-12-31 21:26:04,533 - Train Epoch: 18 [30208/50000 (60%)] Loss: 0.647292, Activation: ELU
2024-12-31 21:26:11,060 - Train Epoch: 18 [45568/50000 (91%)] Loss: 0.586350, Activation: ELU
2024-12-31 21:26:14,766 - 
Test set: Average loss: 0.7010, Accuracy: 7730/10000 (77%), Activation: ELU

2024-12-31 21:26:21,171 - Train Epoch: 19 [14848/50000 (30%)] Loss: 0.598724, Activation: ELU
2024-12-31 21:26:27,592 - Train Epoch: 19 [30208/50000 (60%)] Loss: 0.677823, Activation: ELU
2024-12-31 21:26:34,022 - Train Epoch: 19 [45568/50000 (91%)] Loss: 0.624874, Activation: ELU
2024-12-31 21:26:37,701 - 
Test set: Average loss: 0.6748, Accuracy: 7704/10000 (77%), Activation: ELU

2024-12-31 21:26:44,104 - Train Epoch: 20 [14848/50000 (30%)] Loss: 0.615772, Activation: ELU
2024-12-31 21:26:50,516 - Train Epoch: 20 [30208/50000 (60%)] Loss: 0.667570, Activation: ELU
2024-12-31 21:26:56,902 - Train Epoch: 20 [45568/50000 (91%)] Loss: 0.582473, Activation: ELU
2024-12-31 21:27:00,593 - 
Test set: Average loss: 0.6573, Accuracy: 7774/10000 (78%), Activation: ELU

2024-12-31 21:27:07,001 - Train Epoch: 21 [14848/50000 (30%)] Loss: 0.627152, Activation: ELU
2024-12-31 21:27:13,469 - Train Epoch: 21 [30208/50000 (60%)] Loss: 0.591166, Activation: ELU
2024-12-31 21:27:19,868 - Train Epoch: 21 [45568/50000 (91%)] Loss: 0.581754, Activation: ELU
2024-12-31 21:27:23,548 - 
Test set: Average loss: 0.6476, Accuracy: 7822/10000 (78%), Activation: ELU

2024-12-31 21:27:29,937 - Train Epoch: 22 [14848/50000 (30%)] Loss: 0.554276, Activation: ELU
2024-12-31 21:27:36,470 - Train Epoch: 22 [30208/50000 (60%)] Loss: 0.591418, Activation: ELU
2024-12-31 21:27:42,859 - Train Epoch: 22 [45568/50000 (91%)] Loss: 0.476995, Activation: ELU
2024-12-31 21:27:46,551 - 
Test set: Average loss: 0.6358, Accuracy: 7897/10000 (79%), Activation: ELU

2024-12-31 21:27:52,940 - Train Epoch: 23 [14848/50000 (30%)] Loss: 0.544308, Activation: ELU
2024-12-31 21:27:59,348 - Train Epoch: 23 [30208/50000 (60%)] Loss: 0.514822, Activation: ELU
2024-12-31 21:28:05,754 - Train Epoch: 23 [45568/50000 (91%)] Loss: 0.618558, Activation: ELU
2024-12-31 21:28:09,454 - 
Test set: Average loss: 0.6444, Accuracy: 7867/10000 (79%), Activation: ELU

2024-12-31 21:28:15,833 - Train Epoch: 24 [14848/50000 (30%)] Loss: 0.551149, Activation: ELU
2024-12-31 21:28:22,239 - Train Epoch: 24 [30208/50000 (60%)] Loss: 0.453771, Activation: ELU
2024-12-31 21:28:28,846 - Train Epoch: 24 [45568/50000 (91%)] Loss: 0.580799, Activation: ELU
2024-12-31 21:28:32,514 - 
Test set: Average loss: 0.6400, Accuracy: 7921/10000 (79%), Activation: ELU

2024-12-31 21:28:38,928 - Train Epoch: 25 [14848/50000 (30%)] Loss: 0.516522, Activation: ELU
2024-12-31 21:28:45,322 - Train Epoch: 25 [30208/50000 (60%)] Loss: 0.584327, Activation: ELU
2024-12-31 21:28:51,762 - Train Epoch: 25 [45568/50000 (91%)] Loss: 0.589862, Activation: ELU
2024-12-31 21:28:55,470 - 
Test set: Average loss: 0.6733, Accuracy: 7855/10000 (79%), Activation: ELU

2024-12-31 21:29:01,862 - Train Epoch: 26 [14848/50000 (30%)] Loss: 0.538132, Activation: ELU
2024-12-31 21:29:08,320 - Train Epoch: 26 [30208/50000 (60%)] Loss: 0.578277, Activation: ELU
2024-12-31 21:29:14,736 - Train Epoch: 26 [45568/50000 (91%)] Loss: 0.532582, Activation: ELU
2024-12-31 21:29:18,393 - 
Test set: Average loss: 0.6295, Accuracy: 7936/10000 (79%), Activation: ELU

2024-12-31 21:29:24,752 - Train Epoch: 27 [14848/50000 (30%)] Loss: 0.534568, Activation: ELU
2024-12-31 21:29:31,114 - Train Epoch: 27 [30208/50000 (60%)] Loss: 0.581259, Activation: ELU
2024-12-31 21:29:37,530 - Train Epoch: 27 [45568/50000 (91%)] Loss: 0.514082, Activation: ELU
2024-12-31 21:29:41,206 - 
Test set: Average loss: 0.6362, Accuracy: 7928/10000 (79%), Activation: ELU

2024-12-31 21:29:47,618 - Train Epoch: 28 [14848/50000 (30%)] Loss: 0.569669, Activation: ELU
2024-12-31 21:29:54,046 - Train Epoch: 28 [30208/50000 (60%)] Loss: 0.476411, Activation: ELU
2024-12-31 21:30:00,418 - Train Epoch: 28 [45568/50000 (91%)] Loss: 0.493621, Activation: ELU
2024-12-31 21:30:04,076 - 
Test set: Average loss: 0.6220, Accuracy: 7934/10000 (79%), Activation: ELU

2024-12-31 21:30:10,470 - Train Epoch: 29 [14848/50000 (30%)] Loss: 0.489243, Activation: ELU
2024-12-31 21:30:16,825 - Train Epoch: 29 [30208/50000 (60%)] Loss: 0.524749, Activation: ELU
2024-12-31 21:30:23,281 - Train Epoch: 29 [45568/50000 (91%)] Loss: 0.533208, Activation: ELU
2024-12-31 21:30:26,970 - 
Test set: Average loss: 0.6517, Accuracy: 7885/10000 (79%), Activation: ELU

2024-12-31 21:30:33,393 - Train Epoch: 30 [14848/50000 (30%)] Loss: 0.463974, Activation: ELU
2024-12-31 21:30:40,032 - Train Epoch: 30 [30208/50000 (60%)] Loss: 0.412619, Activation: ELU
2024-12-31 21:30:46,439 - Train Epoch: 30 [45568/50000 (91%)] Loss: 0.571145, Activation: ELU
2024-12-31 21:30:50,113 - 
Test set: Average loss: 0.6420, Accuracy: 7947/10000 (79%), Activation: ELU

2024-12-31 21:32:40,028 - Train Epoch: 1 [14848/50000 (30%)] Loss: 1.716314, Activation: ReLU
2024-12-31 21:32:46,416 - Train Epoch: 1 [30208/50000 (60%)] Loss: 1.541530, Activation: ReLU
2024-12-31 21:32:52,796 - Train Epoch: 1 [45568/50000 (91%)] Loss: 1.516831, Activation: ReLU
2024-12-31 21:32:56,518 - 
Test set: Average loss: 1.3309, Accuracy: 5209/10000 (52%), Activation: ReLU

2024-12-31 21:33:02,854 - Train Epoch: 2 [14848/50000 (30%)] Loss: 1.328737, Activation: ReLU
2024-12-31 21:33:09,185 - Train Epoch: 2 [30208/50000 (60%)] Loss: 1.378119, Activation: ReLU
2024-12-31 21:33:15,678 - Train Epoch: 2 [45568/50000 (91%)] Loss: 1.174356, Activation: ReLU
2024-12-31 21:33:19,360 - 
Test set: Average loss: 1.1378, Accuracy: 5923/10000 (59%), Activation: ReLU

2024-12-31 21:33:25,742 - Train Epoch: 3 [14848/50000 (30%)] Loss: 1.169265, Activation: ReLU
2024-12-31 21:33:32,066 - Train Epoch: 3 [30208/50000 (60%)] Loss: 1.124958, Activation: ReLU
2024-12-31 21:33:38,450 - Train Epoch: 3 [45568/50000 (91%)] Loss: 1.121176, Activation: ReLU
2024-12-31 21:33:42,102 - 
Test set: Average loss: 1.0266, Accuracy: 6338/10000 (63%), Activation: ReLU

2024-12-31 21:33:48,482 - Train Epoch: 4 [14848/50000 (30%)] Loss: 1.043202, Activation: ReLU
2024-12-31 21:33:54,832 - Train Epoch: 4 [30208/50000 (60%)] Loss: 1.007529, Activation: ReLU
2024-12-31 21:34:01,227 - Train Epoch: 4 [45568/50000 (91%)] Loss: 1.002789, Activation: ReLU
2024-12-31 21:34:05,004 - 
Test set: Average loss: 0.9617, Accuracy: 6610/10000 (66%), Activation: ReLU

2024-12-31 21:34:11,617 - Train Epoch: 5 [14848/50000 (30%)] Loss: 0.990010, Activation: ReLU
2024-12-31 21:34:17,956 - Train Epoch: 5 [30208/50000 (60%)] Loss: 0.984568, Activation: ReLU
2024-12-31 21:34:24,312 - Train Epoch: 5 [45568/50000 (91%)] Loss: 0.973470, Activation: ReLU
2024-12-31 21:34:27,973 - 
Test set: Average loss: 0.9029, Accuracy: 6871/10000 (69%), Activation: ReLU

2024-12-31 21:34:34,341 - Train Epoch: 6 [14848/50000 (30%)] Loss: 0.946654, Activation: ReLU
2024-12-31 21:34:40,734 - Train Epoch: 6 [30208/50000 (60%)] Loss: 0.905093, Activation: ReLU
2024-12-31 21:34:47,127 - Train Epoch: 6 [45568/50000 (91%)] Loss: 0.892168, Activation: ReLU
2024-12-31 21:34:50,819 - 
Test set: Average loss: 0.8517, Accuracy: 7022/10000 (70%), Activation: ReLU

2024-12-31 21:34:57,254 - Train Epoch: 7 [14848/50000 (30%)] Loss: 0.869337, Activation: ReLU
2024-12-31 21:35:03,656 - Train Epoch: 7 [30208/50000 (60%)] Loss: 0.826416, Activation: ReLU
2024-12-31 21:35:10,212 - Train Epoch: 7 [45568/50000 (91%)] Loss: 0.843281, Activation: ReLU
2024-12-31 21:35:13,943 - 
Test set: Average loss: 0.8221, Accuracy: 7126/10000 (71%), Activation: ReLU

2024-12-31 21:35:20,459 - Train Epoch: 8 [14848/50000 (30%)] Loss: 0.747415, Activation: ReLU
2024-12-31 21:35:27,002 - Train Epoch: 8 [30208/50000 (60%)] Loss: 0.912876, Activation: ReLU
2024-12-31 21:35:33,555 - Train Epoch: 8 [45568/50000 (91%)] Loss: 0.723230, Activation: ReLU
2024-12-31 21:35:37,316 - 
Test set: Average loss: 0.7831, Accuracy: 7267/10000 (73%), Activation: ReLU

2024-12-31 21:35:43,876 - Train Epoch: 9 [14848/50000 (30%)] Loss: 0.733477, Activation: ReLU
2024-12-31 21:35:50,363 - Train Epoch: 9 [30208/50000 (60%)] Loss: 0.824731, Activation: ReLU
2024-12-31 21:35:56,862 - Train Epoch: 9 [45568/50000 (91%)] Loss: 0.843919, Activation: ReLU
2024-12-31 21:36:00,681 - 
Test set: Average loss: 0.7758, Accuracy: 7303/10000 (73%), Activation: ReLU

2024-12-31 21:36:07,170 - Train Epoch: 10 [14848/50000 (30%)] Loss: 0.798253, Activation: ReLU
2024-12-31 21:36:13,623 - Train Epoch: 10 [30208/50000 (60%)] Loss: 0.793634, Activation: ReLU
2024-12-31 21:36:20,094 - Train Epoch: 10 [45568/50000 (91%)] Loss: 0.708320, Activation: ReLU
2024-12-31 21:36:23,899 - 
Test set: Average loss: 0.7269, Accuracy: 7452/10000 (75%), Activation: ReLU

2024-12-31 21:36:30,411 - Train Epoch: 11 [14848/50000 (30%)] Loss: 0.717002, Activation: ReLU
2024-12-31 21:36:36,882 - Train Epoch: 11 [30208/50000 (60%)] Loss: 0.818829, Activation: ReLU
2024-12-31 21:36:43,359 - Train Epoch: 11 [45568/50000 (91%)] Loss: 0.700106, Activation: ReLU
2024-12-31 21:36:47,069 - 
Test set: Average loss: 0.7019, Accuracy: 7529/10000 (75%), Activation: ReLU

2024-12-31 21:36:53,602 - Train Epoch: 12 [14848/50000 (30%)] Loss: 0.714244, Activation: ReLU
2024-12-31 21:37:00,089 - Train Epoch: 12 [30208/50000 (60%)] Loss: 0.682710, Activation: ReLU
2024-12-31 21:37:06,548 - Train Epoch: 12 [45568/50000 (91%)] Loss: 0.694444, Activation: ReLU
2024-12-31 21:37:10,264 - 
Test set: Average loss: 0.6947, Accuracy: 7568/10000 (76%), Activation: ReLU

2024-12-31 21:37:16,749 - Train Epoch: 13 [14848/50000 (30%)] Loss: 0.726117, Activation: ReLU
2024-12-31 21:37:23,228 - Train Epoch: 13 [30208/50000 (60%)] Loss: 0.672628, Activation: ReLU
2024-12-31 21:37:29,692 - Train Epoch: 13 [45568/50000 (91%)] Loss: 0.648075, Activation: ReLU
2024-12-31 21:37:33,404 - 
Test set: Average loss: 0.6927, Accuracy: 7567/10000 (76%), Activation: ReLU

2024-12-31 21:37:39,932 - Train Epoch: 14 [14848/50000 (30%)] Loss: 0.621892, Activation: ReLU
2024-12-31 21:37:46,411 - Train Epoch: 14 [30208/50000 (60%)] Loss: 0.625821, Activation: ReLU
2024-12-31 21:37:52,889 - Train Epoch: 14 [45568/50000 (91%)] Loss: 0.609922, Activation: ReLU
2024-12-31 21:37:56,598 - 
Test set: Average loss: 0.6574, Accuracy: 7737/10000 (77%), Activation: ReLU

2024-12-31 21:38:03,091 - Train Epoch: 15 [14848/50000 (30%)] Loss: 0.665254, Activation: ReLU
2024-12-31 21:38:09,576 - Train Epoch: 15 [30208/50000 (60%)] Loss: 0.628139, Activation: ReLU
2024-12-31 21:38:16,103 - Train Epoch: 15 [45568/50000 (91%)] Loss: 0.628517, Activation: ReLU
2024-12-31 21:38:19,914 - 
Test set: Average loss: 0.6544, Accuracy: 7718/10000 (77%), Activation: ReLU

2024-12-31 21:38:26,379 - Train Epoch: 16 [14848/50000 (30%)] Loss: 0.655046, Activation: ReLU
2024-12-31 21:38:32,858 - Train Epoch: 16 [30208/50000 (60%)] Loss: 0.619991, Activation: ReLU
2024-12-31 21:38:39,311 - Train Epoch: 16 [45568/50000 (91%)] Loss: 0.585925, Activation: ReLU
2024-12-31 21:38:43,026 - 
Test set: Average loss: 0.6302, Accuracy: 7847/10000 (78%), Activation: ReLU

2024-12-31 21:38:49,508 - Train Epoch: 17 [14848/50000 (30%)] Loss: 0.614034, Activation: ReLU
2024-12-31 21:38:56,038 - Train Epoch: 17 [30208/50000 (60%)] Loss: 0.550318, Activation: ReLU
2024-12-31 21:39:02,496 - Train Epoch: 17 [45568/50000 (91%)] Loss: 0.590400, Activation: ReLU
2024-12-31 21:39:06,231 - 
Test set: Average loss: 0.6372, Accuracy: 7768/10000 (78%), Activation: ReLU

2024-12-31 21:39:12,726 - Train Epoch: 18 [14848/50000 (30%)] Loss: 0.597265, Activation: ReLU
2024-12-31 21:39:19,228 - Train Epoch: 18 [30208/50000 (60%)] Loss: 0.527544, Activation: ReLU
2024-12-31 21:39:25,712 - Train Epoch: 18 [45568/50000 (91%)] Loss: 0.577182, Activation: ReLU
2024-12-31 21:39:29,423 - 
Test set: Average loss: 0.6351, Accuracy: 7823/10000 (78%), Activation: ReLU

2024-12-31 21:39:35,922 - Train Epoch: 19 [14848/50000 (30%)] Loss: 0.552457, Activation: ReLU
2024-12-31 21:39:42,392 - Train Epoch: 19 [30208/50000 (60%)] Loss: 0.578089, Activation: ReLU
2024-12-31 21:39:48,884 - Train Epoch: 19 [45568/50000 (91%)] Loss: 0.671379, Activation: ReLU
2024-12-31 21:39:52,593 - 
Test set: Average loss: 0.6129, Accuracy: 7905/10000 (79%), Activation: ReLU

2024-12-31 21:39:59,070 - Train Epoch: 20 [14848/50000 (30%)] Loss: 0.604011, Activation: ReLU
2024-12-31 21:40:05,518 - Train Epoch: 20 [30208/50000 (60%)] Loss: 0.519822, Activation: ReLU
2024-12-31 21:40:11,982 - Train Epoch: 20 [45568/50000 (91%)] Loss: 0.543387, Activation: ReLU
2024-12-31 21:40:15,760 - 
Test set: Average loss: 0.5963, Accuracy: 7970/10000 (80%), Activation: ReLU

2024-12-31 21:49:03,247 - Train Epoch: 1 [14848/50000 (30%)] Loss: 1.697516, Activation: GELU
2024-12-31 21:49:09,576 - Train Epoch: 1 [30208/50000 (60%)] Loss: 1.493556, Activation: GELU
2024-12-31 21:49:15,911 - Train Epoch: 1 [45568/50000 (91%)] Loss: 1.423468, Activation: GELU
2024-12-31 21:49:19,627 - 
Test set: Average loss: 1.3007, Accuracy: 5381/10000 (54%), Activation: GELU

2024-12-31 21:49:25,990 - Train Epoch: 2 [14848/50000 (30%)] Loss: 1.310893, Activation: GELU
2024-12-31 21:49:32,555 - Train Epoch: 2 [30208/50000 (60%)] Loss: 1.346968, Activation: GELU
2024-12-31 21:49:38,913 - Train Epoch: 2 [45568/50000 (91%)] Loss: 1.203553, Activation: GELU
2024-12-31 21:49:42,560 - 
Test set: Average loss: 1.0681, Accuracy: 6195/10000 (62%), Activation: GELU

2024-12-31 21:49:48,906 - Train Epoch: 3 [14848/50000 (30%)] Loss: 1.132643, Activation: GELU
2024-12-31 21:49:55,234 - Train Epoch: 3 [30208/50000 (60%)] Loss: 1.183961, Activation: GELU
2024-12-31 21:50:01,586 - Train Epoch: 3 [45568/50000 (91%)] Loss: 1.017039, Activation: GELU
2024-12-31 21:50:05,272 - 
Test set: Average loss: 0.9391, Accuracy: 6663/10000 (67%), Activation: GELU

2024-12-31 21:50:11,640 - Train Epoch: 4 [14848/50000 (30%)] Loss: 0.925758, Activation: GELU
2024-12-31 21:50:17,982 - Train Epoch: 4 [30208/50000 (60%)] Loss: 1.022852, Activation: GELU
2024-12-31 21:50:24,318 - Train Epoch: 4 [45568/50000 (91%)] Loss: 0.926936, Activation: GELU
2024-12-31 21:50:27,974 - 
Test set: Average loss: 0.8740, Accuracy: 6925/10000 (69%), Activation: GELU

2024-12-31 21:50:34,369 - Train Epoch: 5 [14848/50000 (30%)] Loss: 0.881279, Activation: GELU
2024-12-31 21:50:40,694 - Train Epoch: 5 [30208/50000 (60%)] Loss: 0.786922, Activation: GELU
2024-12-31 21:50:47,071 - Train Epoch: 5 [45568/50000 (91%)] Loss: 0.912250, Activation: GELU
2024-12-31 21:50:50,720 - 
Test set: Average loss: 0.8297, Accuracy: 7125/10000 (71%), Activation: GELU

2024-12-31 21:50:57,338 - Train Epoch: 6 [14848/50000 (30%)] Loss: 0.826598, Activation: GELU
2024-12-31 21:51:03,707 - Train Epoch: 6 [30208/50000 (60%)] Loss: 0.741862, Activation: GELU
2024-12-31 21:51:10,040 - Train Epoch: 6 [45568/50000 (91%)] Loss: 0.864543, Activation: GELU
2024-12-31 21:51:13,701 - 
Test set: Average loss: 0.7575, Accuracy: 7349/10000 (73%), Activation: GELU

2024-12-31 21:51:20,109 - Train Epoch: 7 [14848/50000 (30%)] Loss: 0.763075, Activation: GELU
2024-12-31 21:51:26,512 - Train Epoch: 7 [30208/50000 (60%)] Loss: 0.686927, Activation: GELU
2024-12-31 21:51:32,886 - Train Epoch: 7 [45568/50000 (91%)] Loss: 0.747683, Activation: GELU
2024-12-31 21:51:36,528 - 
Test set: Average loss: 0.7307, Accuracy: 7475/10000 (75%), Activation: GELU

2024-12-31 21:51:42,858 - Train Epoch: 8 [14848/50000 (30%)] Loss: 0.744757, Activation: GELU
2024-12-31 21:51:49,217 - Train Epoch: 8 [30208/50000 (60%)] Loss: 0.677429, Activation: GELU
2024-12-31 21:51:55,774 - Train Epoch: 8 [45568/50000 (91%)] Loss: 0.642726, Activation: GELU
2024-12-31 21:51:59,452 - 
Test set: Average loss: 0.7239, Accuracy: 7511/10000 (75%), Activation: GELU

2024-12-31 21:52:05,821 - Train Epoch: 9 [14848/50000 (30%)] Loss: 0.718520, Activation: GELU
2024-12-31 21:52:12,152 - Train Epoch: 9 [30208/50000 (60%)] Loss: 0.692205, Activation: GELU
2024-12-31 21:52:18,514 - Train Epoch: 9 [45568/50000 (91%)] Loss: 0.691835, Activation: GELU
2024-12-31 21:52:22,167 - 
Test set: Average loss: 0.6896, Accuracy: 7595/10000 (76%), Activation: GELU

2024-12-31 21:52:28,541 - Train Epoch: 10 [14848/50000 (30%)] Loss: 0.697321, Activation: GELU
2024-12-31 21:52:35,048 - Train Epoch: 10 [30208/50000 (60%)] Loss: 0.566717, Activation: GELU
2024-12-31 21:52:41,414 - Train Epoch: 10 [45568/50000 (91%)] Loss: 0.663199, Activation: GELU
2024-12-31 21:52:45,089 - 
Test set: Average loss: 0.6993, Accuracy: 7587/10000 (76%), Activation: GELU

2024-12-31 21:52:51,498 - Train Epoch: 11 [14848/50000 (30%)] Loss: 0.632640, Activation: GELU
2024-12-31 21:52:57,840 - Train Epoch: 11 [30208/50000 (60%)] Loss: 0.665670, Activation: GELU
2024-12-31 21:53:04,305 - Train Epoch: 11 [45568/50000 (91%)] Loss: 0.544639, Activation: GELU
2024-12-31 21:53:08,146 - 
Test set: Average loss: 0.6675, Accuracy: 7729/10000 (77%), Activation: GELU

2024-12-31 21:53:14,574 - Train Epoch: 12 [14848/50000 (30%)] Loss: 0.603810, Activation: GELU
2024-12-31 21:53:20,918 - Train Epoch: 12 [30208/50000 (60%)] Loss: 0.565780, Activation: GELU
2024-12-31 21:53:27,246 - Train Epoch: 12 [45568/50000 (91%)] Loss: 0.599150, Activation: GELU
2024-12-31 21:53:30,932 - 
Test set: Average loss: 0.6530, Accuracy: 7779/10000 (78%), Activation: GELU

2024-12-31 21:53:37,280 - Train Epoch: 13 [14848/50000 (30%)] Loss: 0.555541, Activation: GELU
2024-12-31 21:53:43,661 - Train Epoch: 13 [30208/50000 (60%)] Loss: 0.564034, Activation: GELU
2024-12-31 21:53:50,015 - Train Epoch: 13 [45568/50000 (91%)] Loss: 0.602955, Activation: GELU
2024-12-31 21:53:53,712 - 
Test set: Average loss: 0.6536, Accuracy: 7766/10000 (78%), Activation: GELU

2024-12-31 21:54:00,073 - Train Epoch: 14 [14848/50000 (30%)] Loss: 0.578711, Activation: GELU
2024-12-31 21:54:06,531 - Train Epoch: 14 [30208/50000 (60%)] Loss: 0.579456, Activation: GELU
2024-12-31 21:54:13,083 - Train Epoch: 14 [45568/50000 (91%)] Loss: 0.594796, Activation: GELU
2024-12-31 21:54:16,733 - 
Test set: Average loss: 0.6165, Accuracy: 7888/10000 (79%), Activation: GELU

2024-12-31 21:54:23,215 - Train Epoch: 15 [14848/50000 (30%)] Loss: 0.539012, Activation: GELU
2024-12-31 21:54:29,557 - Train Epoch: 15 [30208/50000 (60%)] Loss: 0.551810, Activation: GELU
2024-12-31 21:54:35,909 - Train Epoch: 15 [45568/50000 (91%)] Loss: 0.507822, Activation: GELU
2024-12-31 21:54:39,569 - 
Test set: Average loss: 0.6032, Accuracy: 7962/10000 (80%), Activation: GELU

2024-12-31 21:54:46,125 - Train Epoch: 16 [14848/50000 (30%)] Loss: 0.484204, Activation: GELU
2024-12-31 21:54:52,462 - Train Epoch: 16 [30208/50000 (60%)] Loss: 0.539906, Activation: GELU
2024-12-31 21:54:58,895 - Train Epoch: 16 [45568/50000 (91%)] Loss: 0.545594, Activation: GELU
2024-12-31 21:55:02,551 - 
Test set: Average loss: 0.6137, Accuracy: 7975/10000 (80%), Activation: GELU

2024-12-31 21:55:08,898 - Train Epoch: 17 [14848/50000 (30%)] Loss: 0.490331, Activation: GELU
2024-12-31 21:55:15,282 - Train Epoch: 17 [30208/50000 (60%)] Loss: 0.524358, Activation: GELU
2024-12-31 21:55:21,640 - Train Epoch: 17 [45568/50000 (91%)] Loss: 0.615644, Activation: GELU
2024-12-31 21:55:25,298 - 
Test set: Average loss: 0.5862, Accuracy: 8088/10000 (81%), Activation: GELU

2024-12-31 21:55:31,696 - Train Epoch: 18 [14848/50000 (30%)] Loss: 0.449690, Activation: GELU
2024-12-31 21:55:38,073 - Train Epoch: 18 [30208/50000 (60%)] Loss: 0.379755, Activation: GELU
2024-12-31 21:55:44,390 - Train Epoch: 18 [45568/50000 (91%)] Loss: 0.460721, Activation: GELU
2024-12-31 21:55:48,055 - 
Test set: Average loss: 0.6057, Accuracy: 8053/10000 (81%), Activation: GELU

2024-12-31 21:55:54,408 - Train Epoch: 19 [14848/50000 (30%)] Loss: 0.396844, Activation: GELU
2024-12-31 21:56:00,791 - Train Epoch: 19 [30208/50000 (60%)] Loss: 0.440709, Activation: GELU
2024-12-31 21:56:07,136 - Train Epoch: 19 [45568/50000 (91%)] Loss: 0.452057, Activation: GELU
2024-12-31 21:56:10,779 - 
Test set: Average loss: 0.6066, Accuracy: 8017/10000 (80%), Activation: GELU

2024-12-31 21:56:17,131 - Train Epoch: 20 [14848/50000 (30%)] Loss: 0.498824, Activation: GELU
2024-12-31 21:56:23,517 - Train Epoch: 20 [30208/50000 (60%)] Loss: 0.452859, Activation: GELU
2024-12-31 21:56:29,881 - Train Epoch: 20 [45568/50000 (91%)] Loss: 0.444314, Activation: GELU
2024-12-31 21:56:33,548 - 
Test set: Average loss: 0.6064, Accuracy: 8050/10000 (80%), Activation: GELU

2024-12-31 22:06:22,261 - Train Epoch: 1 [14848/50000 (30%)] Loss: 1.656942, Activation: Tanh
2024-12-31 22:06:28,676 - Train Epoch: 1 [30208/50000 (60%)] Loss: 1.471398, Activation: Tanh
2024-12-31 22:06:34,978 - Train Epoch: 1 [45568/50000 (91%)] Loss: 1.351724, Activation: Tanh
2024-12-31 22:06:38,674 - 
Test set: Average loss: 1.2324, Accuracy: 5695/10000 (57%), Activation: Tanh

2024-12-31 22:06:44,919 - Train Epoch: 2 [14848/50000 (30%)] Loss: 1.359014, Activation: Tanh
2024-12-31 22:06:51,215 - Train Epoch: 2 [30208/50000 (60%)] Loss: 1.266415, Activation: Tanh
2024-12-31 22:06:57,671 - Train Epoch: 2 [45568/50000 (91%)] Loss: 1.211864, Activation: Tanh
2024-12-31 22:07:01,374 - 
Test set: Average loss: 1.0662, Accuracy: 6255/10000 (63%), Activation: Tanh

2024-12-31 22:07:07,706 - Train Epoch: 3 [14848/50000 (30%)] Loss: 1.215925, Activation: Tanh
2024-12-31 22:07:14,041 - Train Epoch: 3 [30208/50000 (60%)] Loss: 1.161310, Activation: Tanh
2024-12-31 22:07:20,379 - Train Epoch: 3 [45568/50000 (91%)] Loss: 1.035920, Activation: Tanh
2024-12-31 22:07:24,031 - 
Test set: Average loss: 1.0191, Accuracy: 6426/10000 (64%), Activation: Tanh

2024-12-31 22:07:30,359 - Train Epoch: 4 [14848/50000 (30%)] Loss: 0.969375, Activation: Tanh
2024-12-31 22:07:36,690 - Train Epoch: 4 [30208/50000 (60%)] Loss: 1.047261, Activation: Tanh
2024-12-31 22:07:42,976 - Train Epoch: 4 [45568/50000 (91%)] Loss: 1.204738, Activation: Tanh
2024-12-31 22:07:46,655 - 
Test set: Average loss: 0.9817, Accuracy: 6561/10000 (66%), Activation: Tanh

2024-12-31 22:07:52,998 - Train Epoch: 5 [14848/50000 (30%)] Loss: 1.063525, Activation: Tanh
2024-12-31 22:07:59,419 - Train Epoch: 5 [30208/50000 (60%)] Loss: 1.028000, Activation: Tanh
2024-12-31 22:08:05,753 - Train Epoch: 5 [45568/50000 (91%)] Loss: 0.990968, Activation: Tanh
2024-12-31 22:08:09,437 - 
Test set: Average loss: 0.9328, Accuracy: 6767/10000 (68%), Activation: Tanh

2024-12-31 22:08:15,785 - Train Epoch: 6 [14848/50000 (30%)] Loss: 1.020600, Activation: Tanh
2024-12-31 22:08:22,139 - Train Epoch: 6 [30208/50000 (60%)] Loss: 0.961840, Activation: Tanh
2024-12-31 22:08:28,475 - Train Epoch: 6 [45568/50000 (91%)] Loss: 1.046856, Activation: Tanh
2024-12-31 22:08:32,157 - 
Test set: Average loss: 0.9018, Accuracy: 6879/10000 (69%), Activation: Tanh

2024-12-31 22:08:38,569 - Train Epoch: 7 [14848/50000 (30%)] Loss: 1.043974, Activation: Tanh
2024-12-31 22:08:44,964 - Train Epoch: 7 [30208/50000 (60%)] Loss: 0.975451, Activation: Tanh
2024-12-31 22:08:51,311 - Train Epoch: 7 [45568/50000 (91%)] Loss: 0.901218, Activation: Tanh
2024-12-31 22:08:54,971 - 
Test set: Average loss: 0.8450, Accuracy: 7099/10000 (71%), Activation: Tanh

2024-12-31 22:09:01,291 - Train Epoch: 8 [14848/50000 (30%)] Loss: 0.899015, Activation: Tanh
2024-12-31 22:09:07,726 - Train Epoch: 8 [30208/50000 (60%)] Loss: 0.857535, Activation: Tanh
2024-12-31 22:09:14,055 - Train Epoch: 8 [45568/50000 (91%)] Loss: 0.887381, Activation: Tanh
2024-12-31 22:09:17,752 - 
Test set: Average loss: 0.8627, Accuracy: 7005/10000 (70%), Activation: Tanh

2024-12-31 22:09:24,067 - Train Epoch: 9 [14848/50000 (30%)] Loss: 0.879878, Activation: Tanh
2024-12-31 22:09:30,406 - Train Epoch: 9 [30208/50000 (60%)] Loss: 0.871635, Activation: Tanh
2024-12-31 22:09:36,762 - Train Epoch: 9 [45568/50000 (91%)] Loss: 0.836976, Activation: Tanh
2024-12-31 22:09:40,445 - 
Test set: Average loss: 0.8504, Accuracy: 7060/10000 (71%), Activation: Tanh

2024-12-31 22:09:46,878 - Train Epoch: 10 [14848/50000 (30%)] Loss: 0.794032, Activation: Tanh
2024-12-31 22:09:53,258 - Train Epoch: 10 [30208/50000 (60%)] Loss: 0.861529, Activation: Tanh
2024-12-31 22:09:59,657 - Train Epoch: 10 [45568/50000 (91%)] Loss: 0.821712, Activation: Tanh
2024-12-31 22:10:03,358 - 
Test set: Average loss: 0.8283, Accuracy: 7154/10000 (72%), Activation: Tanh

2024-12-31 22:10:09,760 - Train Epoch: 11 [14848/50000 (30%)] Loss: 0.857988, Activation: Tanh
2024-12-31 22:10:16,126 - Train Epoch: 11 [30208/50000 (60%)] Loss: 0.815107, Activation: Tanh
2024-12-31 22:10:22,487 - Train Epoch: 11 [45568/50000 (91%)] Loss: 0.876258, Activation: Tanh
2024-12-31 22:10:26,166 - 
Test set: Average loss: 0.8201, Accuracy: 7162/10000 (72%), Activation: Tanh

2024-12-31 22:10:32,561 - Train Epoch: 12 [14848/50000 (30%)] Loss: 0.852199, Activation: Tanh
2024-12-31 22:10:38,930 - Train Epoch: 12 [30208/50000 (60%)] Loss: 0.924912, Activation: Tanh
2024-12-31 22:10:45,271 - Train Epoch: 12 [45568/50000 (91%)] Loss: 0.767959, Activation: Tanh
2024-12-31 22:10:48,947 - 
Test set: Average loss: 0.7902, Accuracy: 7257/10000 (73%), Activation: Tanh

2024-12-31 22:10:55,294 - Train Epoch: 13 [14848/50000 (30%)] Loss: 0.761751, Activation: Tanh
2024-12-31 22:11:01,644 - Train Epoch: 13 [30208/50000 (60%)] Loss: 0.823543, Activation: Tanh
2024-12-31 22:11:08,051 - Train Epoch: 13 [45568/50000 (91%)] Loss: 0.817268, Activation: Tanh
2024-12-31 22:11:11,735 - 
Test set: Average loss: 0.7884, Accuracy: 7255/10000 (73%), Activation: Tanh

2024-12-31 22:11:18,068 - Train Epoch: 14 [14848/50000 (30%)] Loss: 0.822574, Activation: Tanh
2024-12-31 22:11:24,605 - Train Epoch: 14 [30208/50000 (60%)] Loss: 0.891805, Activation: Tanh
2024-12-31 22:11:30,948 - Train Epoch: 14 [45568/50000 (91%)] Loss: 0.785147, Activation: Tanh
2024-12-31 22:11:35,030 - 
Test set: Average loss: 0.7838, Accuracy: 7267/10000 (73%), Activation: Tanh

2024-12-31 22:11:41,374 - Train Epoch: 15 [14848/50000 (30%)] Loss: 0.736004, Activation: Tanh
2024-12-31 22:11:47,783 - Train Epoch: 15 [30208/50000 (60%)] Loss: 0.856012, Activation: Tanh
2024-12-31 22:11:54,233 - Train Epoch: 15 [45568/50000 (91%)] Loss: 0.751525, Activation: Tanh
2024-12-31 22:11:57,914 - 
Test set: Average loss: 0.7819, Accuracy: 7307/10000 (73%), Activation: Tanh

2024-12-31 22:12:04,229 - Train Epoch: 16 [14848/50000 (30%)] Loss: 0.823877, Activation: Tanh
2024-12-31 22:12:10,761 - Train Epoch: 16 [30208/50000 (60%)] Loss: 0.816223, Activation: Tanh
2024-12-31 22:12:17,105 - Train Epoch: 16 [45568/50000 (91%)] Loss: 0.822293, Activation: Tanh
2024-12-31 22:12:20,770 - 
Test set: Average loss: 0.7699, Accuracy: 7343/10000 (73%), Activation: Tanh

2024-12-31 22:12:27,216 - Train Epoch: 17 [14848/50000 (30%)] Loss: 0.780550, Activation: Tanh
2024-12-31 22:12:33,639 - Train Epoch: 17 [30208/50000 (60%)] Loss: 0.793459, Activation: Tanh
2024-12-31 22:12:39,927 - Train Epoch: 17 [45568/50000 (91%)] Loss: 0.801571, Activation: Tanh
2024-12-31 22:12:43,588 - 
Test set: Average loss: 0.7612, Accuracy: 7381/10000 (74%), Activation: Tanh

2024-12-31 22:12:50,035 - Train Epoch: 18 [14848/50000 (30%)] Loss: 0.760027, Activation: Tanh
2024-12-31 22:12:56,482 - Train Epoch: 18 [30208/50000 (60%)] Loss: 0.784977, Activation: Tanh
2024-12-31 22:13:02,831 - Train Epoch: 18 [45568/50000 (91%)] Loss: 0.749320, Activation: Tanh
2024-12-31 22:13:06,514 - 
Test set: Average loss: 0.7637, Accuracy: 7371/10000 (74%), Activation: Tanh

2024-12-31 22:13:12,868 - Train Epoch: 19 [14848/50000 (30%)] Loss: 0.826927, Activation: Tanh
2024-12-31 22:13:19,202 - Train Epoch: 19 [30208/50000 (60%)] Loss: 0.790330, Activation: Tanh
2024-12-31 22:13:25,628 - Train Epoch: 19 [45568/50000 (91%)] Loss: 0.865045, Activation: Tanh
2024-12-31 22:13:29,308 - 
Test set: Average loss: 0.7701, Accuracy: 7306/10000 (73%), Activation: Tanh

2024-12-31 22:13:35,620 - Train Epoch: 20 [14848/50000 (30%)] Loss: 0.824047, Activation: Tanh
2024-12-31 22:13:41,981 - Train Epoch: 20 [30208/50000 (60%)] Loss: 0.793783, Activation: Tanh
2024-12-31 22:13:48,327 - Train Epoch: 20 [45568/50000 (91%)] Loss: 0.794401, Activation: Tanh
2024-12-31 22:13:52,030 - 
Test set: Average loss: 0.7719, Accuracy: 7316/10000 (73%), Activation: Tanh

2024-12-31 22:17:29,570 - Train Epoch: 1 [14848/50000 (30%)] Loss: 1.601133, Activation: ELU
2024-12-31 22:17:36,306 - Train Epoch: 1 [30208/50000 (60%)] Loss: 1.515656, Activation: ELU
2024-12-31 22:17:43,045 - Train Epoch: 1 [45568/50000 (91%)] Loss: 1.387651, Activation: ELU
2024-12-31 22:17:46,935 - 
Test set: Average loss: 1.2046, Accuracy: 5779/10000 (58%), Activation: ELU

2024-12-31 22:17:53,274 - Train Epoch: 2 [14848/50000 (30%)] Loss: 1.226186, Activation: ELU
2024-12-31 22:17:59,600 - Train Epoch: 2 [30208/50000 (60%)] Loss: 1.173125, Activation: ELU
2024-12-31 22:18:05,931 - Train Epoch: 2 [45568/50000 (91%)] Loss: 1.104013, Activation: ELU
2024-12-31 22:18:09,570 - 
Test set: Average loss: 1.0625, Accuracy: 6268/10000 (63%), Activation: ELU

2024-12-31 22:18:15,980 - Train Epoch: 3 [14848/50000 (30%)] Loss: 1.143011, Activation: ELU
2024-12-31 22:18:22,317 - Train Epoch: 3 [30208/50000 (60%)] Loss: 1.117300, Activation: ELU
2024-12-31 22:18:28,745 - Train Epoch: 3 [45568/50000 (91%)] Loss: 1.042032, Activation: ELU
2024-12-31 22:18:32,405 - 
Test set: Average loss: 0.9602, Accuracy: 6660/10000 (67%), Activation: ELU

2024-12-31 22:18:38,964 - Train Epoch: 4 [14848/50000 (30%)] Loss: 1.032607, Activation: ELU
2024-12-31 22:18:45,559 - Train Epoch: 4 [30208/50000 (60%)] Loss: 1.041400, Activation: ELU
2024-12-31 22:18:52,263 - Train Epoch: 4 [45568/50000 (91%)] Loss: 1.042600, Activation: ELU
2024-12-31 22:18:55,916 - 
Test set: Average loss: 0.8876, Accuracy: 6923/10000 (69%), Activation: ELU

2024-12-31 22:19:02,223 - Train Epoch: 5 [14848/50000 (30%)] Loss: 0.894147, Activation: ELU
2024-12-31 22:19:08,536 - Train Epoch: 5 [30208/50000 (60%)] Loss: 0.963678, Activation: ELU
2024-12-31 22:19:14,912 - Train Epoch: 5 [45568/50000 (91%)] Loss: 0.897493, Activation: ELU
2024-12-31 22:19:18,552 - 
Test set: Average loss: 0.8551, Accuracy: 7093/10000 (71%), Activation: ELU

2024-12-31 22:19:24,898 - Train Epoch: 6 [14848/50000 (30%)] Loss: 0.888645, Activation: ELU
2024-12-31 22:19:31,230 - Train Epoch: 6 [30208/50000 (60%)] Loss: 0.965722, Activation: ELU
2024-12-31 22:19:37,562 - Train Epoch: 6 [45568/50000 (91%)] Loss: 0.961300, Activation: ELU
2024-12-31 22:19:41,198 - 
Test set: Average loss: 0.8419, Accuracy: 7132/10000 (71%), Activation: ELU

2024-12-31 22:19:47,586 - Train Epoch: 7 [14848/50000 (30%)] Loss: 0.889197, Activation: ELU
2024-12-31 22:19:53,911 - Train Epoch: 7 [30208/50000 (60%)] Loss: 0.837423, Activation: ELU
2024-12-31 22:20:00,238 - Train Epoch: 7 [45568/50000 (91%)] Loss: 0.840136, Activation: ELU
2024-12-31 22:20:03,882 - 
Test set: Average loss: 0.7981, Accuracy: 7352/10000 (74%), Activation: ELU

2024-12-31 22:20:10,209 - Train Epoch: 8 [14848/50000 (30%)] Loss: 0.799814, Activation: ELU
2024-12-31 22:20:16,613 - Train Epoch: 8 [30208/50000 (60%)] Loss: 0.756160, Activation: ELU
2024-12-31 22:20:22,928 - Train Epoch: 8 [45568/50000 (91%)] Loss: 0.793375, Activation: ELU
2024-12-31 22:20:26,582 - 
Test set: Average loss: 0.7897, Accuracy: 7351/10000 (74%), Activation: ELU

2024-12-31 22:20:32,904 - Train Epoch: 9 [14848/50000 (30%)] Loss: 0.745424, Activation: ELU
2024-12-31 22:20:39,266 - Train Epoch: 9 [30208/50000 (60%)] Loss: 0.814311, Activation: ELU
2024-12-31 22:20:45,583 - Train Epoch: 9 [45568/50000 (91%)] Loss: 0.810255, Activation: ELU
2024-12-31 22:20:49,235 - 
Test set: Average loss: 0.7611, Accuracy: 7394/10000 (74%), Activation: ELU

2024-12-31 22:20:55,549 - Train Epoch: 10 [14848/50000 (30%)] Loss: 0.727218, Activation: ELU
2024-12-31 22:21:01,949 - Train Epoch: 10 [30208/50000 (60%)] Loss: 0.760317, Activation: ELU
2024-12-31 22:21:08,241 - Train Epoch: 10 [45568/50000 (91%)] Loss: 0.730220, Activation: ELU
2024-12-31 22:21:11,894 - 
Test set: Average loss: 0.7448, Accuracy: 7444/10000 (74%), Activation: ELU

2024-12-31 22:21:18,229 - Train Epoch: 11 [14848/50000 (30%)] Loss: 0.784577, Activation: ELU
2024-12-31 22:21:24,658 - Train Epoch: 11 [30208/50000 (60%)] Loss: 0.702027, Activation: ELU
2024-12-31 22:21:31,072 - Train Epoch: 11 [45568/50000 (91%)] Loss: 0.769759, Activation: ELU
2024-12-31 22:21:34,709 - 
Test set: Average loss: 0.7146, Accuracy: 7598/10000 (76%), Activation: ELU

2024-12-31 22:21:41,084 - Train Epoch: 12 [14848/50000 (30%)] Loss: 0.670337, Activation: ELU
2024-12-31 22:21:47,488 - Train Epoch: 12 [30208/50000 (60%)] Loss: 0.669985, Activation: ELU
2024-12-31 22:21:53,804 - Train Epoch: 12 [45568/50000 (91%)] Loss: 0.629186, Activation: ELU
2024-12-31 22:21:57,485 - 
Test set: Average loss: 0.7013, Accuracy: 7645/10000 (76%), Activation: ELU

2024-12-31 22:22:04,068 - Train Epoch: 13 [14848/50000 (30%)] Loss: 0.812798, Activation: ELU
2024-12-31 22:22:10,474 - Train Epoch: 13 [30208/50000 (60%)] Loss: 0.688894, Activation: ELU
2024-12-31 22:22:16,776 - Train Epoch: 13 [45568/50000 (91%)] Loss: 0.774012, Activation: ELU
2024-12-31 22:22:20,411 - 
Test set: Average loss: 0.7080, Accuracy: 7643/10000 (76%), Activation: ELU

2024-12-31 22:22:26,720 - Train Epoch: 14 [14848/50000 (30%)] Loss: 0.646621, Activation: ELU
2024-12-31 22:22:33,101 - Train Epoch: 14 [30208/50000 (60%)] Loss: 0.710792, Activation: ELU
2024-12-31 22:22:39,539 - Train Epoch: 14 [45568/50000 (91%)] Loss: 0.724538, Activation: ELU
2024-12-31 22:22:43,192 - 
Test set: Average loss: 0.6978, Accuracy: 7651/10000 (77%), Activation: ELU

2024-12-31 22:22:49,592 - Train Epoch: 15 [14848/50000 (30%)] Loss: 0.595104, Activation: ELU
2024-12-31 22:22:55,955 - Train Epoch: 15 [30208/50000 (60%)] Loss: 0.598466, Activation: ELU
2024-12-31 22:23:02,278 - Train Epoch: 15 [45568/50000 (91%)] Loss: 0.655319, Activation: ELU
2024-12-31 22:23:05,928 - 
Test set: Average loss: 0.6748, Accuracy: 7747/10000 (77%), Activation: ELU

2024-12-31 22:23:12,249 - Train Epoch: 16 [14848/50000 (30%)] Loss: 0.709228, Activation: ELU
2024-12-31 22:23:18,576 - Train Epoch: 16 [30208/50000 (60%)] Loss: 0.636600, Activation: ELU
2024-12-31 22:23:25,105 - Train Epoch: 16 [45568/50000 (91%)] Loss: 0.628133, Activation: ELU
2024-12-31 22:23:28,744 - 
Test set: Average loss: 0.7062, Accuracy: 7694/10000 (77%), Activation: ELU

2024-12-31 22:23:35,067 - Train Epoch: 17 [14848/50000 (30%)] Loss: 0.636526, Activation: ELU
2024-12-31 22:23:41,437 - Train Epoch: 17 [30208/50000 (60%)] Loss: 0.617369, Activation: ELU
2024-12-31 22:23:47,738 - Train Epoch: 17 [45568/50000 (91%)] Loss: 0.643020, Activation: ELU
2024-12-31 22:23:51,370 - 
Test set: Average loss: 0.6826, Accuracy: 7793/10000 (78%), Activation: ELU

2024-12-31 22:23:57,718 - Train Epoch: 18 [14848/50000 (30%)] Loss: 0.583105, Activation: ELU
2024-12-31 22:24:04,047 - Train Epoch: 18 [30208/50000 (60%)] Loss: 0.568202, Activation: ELU
2024-12-31 22:24:10,371 - Train Epoch: 18 [45568/50000 (91%)] Loss: 0.615228, Activation: ELU
2024-12-31 22:24:14,014 - 
Test set: Average loss: 0.6560, Accuracy: 7841/10000 (78%), Activation: ELU

2024-12-31 22:24:20,333 - Train Epoch: 19 [14848/50000 (30%)] Loss: 0.662512, Activation: ELU
2024-12-31 22:24:26,680 - Train Epoch: 19 [30208/50000 (60%)] Loss: 0.590316, Activation: ELU
2024-12-31 22:24:32,991 - Train Epoch: 19 [45568/50000 (91%)] Loss: 0.589887, Activation: ELU
2024-12-31 22:24:36,624 - 
Test set: Average loss: 0.6501, Accuracy: 7861/10000 (79%), Activation: ELU

2024-12-31 22:24:42,951 - Train Epoch: 20 [14848/50000 (30%)] Loss: 0.618900, Activation: ELU
2024-12-31 22:24:49,254 - Train Epoch: 20 [30208/50000 (60%)] Loss: 0.689596, Activation: ELU
2024-12-31 22:24:55,547 - Train Epoch: 20 [45568/50000 (91%)] Loss: 0.523710, Activation: ELU
2024-12-31 22:24:59,287 - 
Test set: Average loss: 0.6448, Accuracy: 7906/10000 (79%), Activation: ELU

